10:39:36 **** Incremental Build of configuration Debug for project STM32F7508-DK ****
make -j16 all 
arm-none-eabi-g++ "C:/Users/hc.ro/Desktop/MY_PROJECT/STM32F750/HBC_BACKUP/UI_HBC/STM32F750_UI_HBC/TouchGFX/generated/gui_generated/src/waitingscreen_screen/WaitingScreenViewBase.cpp" -mcpu=cortex-m7 -std=gnu++14 -g3 -DUSE_HAL_DRIVER -DSTM32F750xx -DDEBUG -c -I../../Core/Inc -I../../Drivers/CMSIS/Include -I../../Drivers/BSP/STM32F7508-Discovery -I../../TouchGFX/target -I../../Drivers/CMSIS/Device/ST/STM32F7xx/Include -I../../Drivers/STM32F7xx_HAL_Driver/Inc -I../../TouchGFX/App -I../../Middlewares/Third_Party/FreeRTOS/Source/CMSIS_RTOS -I../../TouchGFX/target/generated -I../../Drivers/STM32F7xx_HAL_Driver/Inc/Legacy -I../../Drivers/BSP/Components/Common -I../../Middlewares/Third_Party/FreeRTOS/Source/portable/GCC/ARM_CM7/r0p1 -I../../Middlewares/Third_Party/FreeRTOS/Source/include -I../../Middlewares/ST/touchgfx/framework/include -I../../TouchGFX/generated/fonts/include -I../../TouchGFX/generated/gui_generated/include -I../../TouchGFX/generated/images/include -I../../TouchGFX/generated/texts/include -I../../TouchGFX/gui/include -I../../Middlewares/Third_Party/FreeRTOS/Source/CMSIS_RTOS_V2 -Os -ffunction-sections -fdata-sections -fno-exceptions -fno-rtti -fno-use-cxa-atexit -Wall -femit-class-debug-always -fstack-usage -MMD -MP -MF"Application/User/generated/WaitingScreenViewBase.d" -MT"Application/User/generated/WaitingScreenViewBase.o" --specs=nano.specs -mfpu=fpv5-sp-d16 -mfloat-abi=hard -mthumb -o "Application/User/generated/WaitingScreenViewBase.o"
arm-none-eabi-g++ -o "STM32F7508-DK.elf" @"objects.list"  -l:libtouchgfx-float-abi-hard.a -mcpu=cortex-m7 -T"C:\Users\hc.ro\Desktop\MY_PROJECT\STM32F750\HBC_BACKUP\UI_HBC\STM32F750_UI_HBC\STM32CubeIDE\STM32F750N8HX_FLASH.ld" --specs=nosys.specs -Wl,-Map="STM32F7508-DK.map" -Wl,--gc-sections -static -LC:/Users/hc.ro/Desktop/MY_PROJECT/STM32F750/STM32F750_UI_HBC/Middlewares/ST/touchgfx/lib/core/cortex_m7/gcc -LC:/Users/hc.ro/Desktop/MY_PROJECT/STM32F750/UI_HBC/STM32F750_UI_HBC/Middlewares/ST/touchgfx/lib/core/cortex_m7/gcc -L"C:\Users\sysla\Desktop\MY_PROJECT\STM32F750\UI_HBC\STM32F750_UI_HBC\Middlewares\ST\touchgfx\lib\core\cortex_m7\gcc" -L"C:\Users\hc.ro\Desktop\MY_PROJECT\STM32F750\HBC_BACKUP\UI_HBC\STM32F750_UI_HBC\Middlewares\ST\touchgfx\lib\core\cortex_m7\gcc" -LC:/Users/sysla/Desktop/MY_PROJECT/STM32F750/UI_HBC/STM32F750_UI_HBC/Middlewares/ST/touchgfx/lib/core/cortex_m7/gcc --specs=nano.specs -mfpu=fpv5-sp-d16 -mfloat-abi=hard -mthumb -Wl,--start-group -lc -lm -lstdc++ -lsupc++ -Wl,--end-group
Finished building target: STM32F7508-DK.elf
 
arm-none-eabi-size   STM32F7508-DK.elf 
arm-none-eabi-objdump -h -S  STM32F7508-DK.elf  > "STM32F7508-DK.list"
arm-none-eabi-objcopy  -O ihex  STM32F7508-DK.elf  "STM32F7508-DK.hex"
   text	   data	    bss	    dec	    hex	filename
1153868	   8712	  93404	1255984	 132a30	STM32F7508-DK.elf
arm-none-eabi-objcopy  -O binary  STM32F7508-DK.elf  "STM32F7508-DK.bin"
Finished building: default.size.stdout
 
Finished building: STM32F7508-DK.hex
 
Finished building: STM32F7508-DK.list
 
Finished building: STM32F7508-DK.bin
 

10:39:41 Build Finished. 0 errors, 0 warnings. (took 4s.967ms)

